/dir1
/dir1/file1.txt
/dir2
/dir2/dir3
/dir2/dir3/emtpy-file.txt
/dir2/file2.png
/dir2/file3.txt
/file0.txt